C51 COMPILER V9.60.7.0   MAIN                                                              08/02/2024 16:51:16 PAGE 1   


C51 COMPILER V9.60.7.0, COMPILATION OF MODULE MAIN
OBJECT MODULE PLACED IN .\Objects\main.obj
COMPILER INVOKED BY: E:\Keil5\C51\BIN\C51.EXE main.c OPTIMIZE(8,SPEED) BROWSE DEBUG OBJECTEXTEND PRINT(.\Listings\main.l
                    -st) TABS(2) OBJECT(.\Objects\main.obj)

line level    source

   1          #include <STC89C5xRC.H>
   2          #include <Intrins.h>
   3          #define SW1 P42
   4          
   5          // 增加自定义类型，简化代码编写
   6          typedef unsigned char u8;
   7          typedef unsigned int u16;
   8          
   9          // 延时函数
  10          void Delay1ms(u16 ms)    //@11.0592MHz
  11          {
  12   1          unsigned char i, j;
  13   1          while(ms--)
  14   1          {
  15   2              _nop_();
  16   2              i = 2;
  17   2              j = 199;
  18   2              do
  19   2              {
  20   3                  while (--j);
  21   3              } while (--i);
  22   2          }
  23   1      }
  24          
  25          // 定义数组，封装数字
  26          u8 NixieTable[] = {0x3F, 0x06, 0x5B, 0x4F, 0x66, 0x6D, 0x7D, 0x07, 0x7F, 0x6F};
  27          
  28          // 数码管显示
  29          void NixieDisPlay(u8 Location, u8 DisplayNum)
  30          {
  31   1          switch(Location)
  32   1          {
  33   2              case 1: P15 = 0; P14 = 0; P13 = 0; break;
  34   2              case 2: P15 = 0; P14 = 0; P13 = 1; break;
  35   2              case 3: P15 = 0; P14 = 1; P13 = 0; break;
  36   2              case 4: P15 = 0; P14 = 1; P13 = 1; break;
  37   2              case 5: P15 = 1; P14 = 0; P13 = 0; break;
  38   2              case 6: P15 = 1; P14 = 0; P13 = 1; break;
  39   2              case 7: P15 = 1; P14 = 1; P13 = 0; break;
  40   2              case 8: P15 = 1; P14 = 1; P13 = 1; break;
  41   2          }
  42   1          P0 = NixieTable[DisplayNum];
  43   1          Delay1ms(1);
  44   1          P0 = 0x00;
  45   1      }
  46          
  47          void main()
  48          {
  49   1          u8 seconds_tens;   // 十位数
  50   1          u8 seconds_units;  // 个位数
  51   1          u8 seconds;        // 秒数
  52   1          u16 i;             // 循环变量
  53   1          bit is_running = 0; // 计时器状态变量
  54   1      
C51 COMPILER V9.60.7.0   MAIN                                                              08/02/2024 16:51:16 PAGE 2   

  55   1          while(1)
  56   1          {
  57   2            if(SW1 == 0)
  58   2            {
  59   3              Delay1ms(10);
  60   3              while(SW1 == 0);
  61   3              Delay1ms(10);
  62   3              is_running = !is_running; // 切换计时器状态
  63   3              
  64   3              if(is_running)
  65   3              {
  66   4                seconds = 99; // 初始化倒计时为99秒
  67   4                while(is_running && seconds > 0)
  68   4                {
  69   5                   for(i = 0; i < 500; i++) // 让显示稳定1秒
  70   5                    {
  71   6                      if(SW1 == 0) // 检测按钮状态以停止计时
  72   6                      {
  73   7                       Delay1ms(10); // 消抖
  74   7                       if(SW1 == 0) // 确认按钮按下
  75   7                        {
  76   8                        while(SW1 == 0); // 等待按钮释放
  77   8                         Delay1ms(10); // 消抖
  78   8                         is_running = 0; // 停止计时
  79   8                          break; // 跳出循环
  80   8                           }
  81   7                          }
  82   6                                  seconds_tens = seconds / 10;
  83   6                                  seconds_units = seconds % 10;
  84   6      
  85   6                                  NixieDisPlay(1, seconds_tens); // 显示十位
  86   6                                  NixieDisPlay(2, seconds_units); // 显示个位
  87   6                              }
  88   5                    if(is_running)
  89   5                    {
  90   6                      seconds--; // 倒计时减1
  91   6                    }
  92   5                }
  93   4              }
  94   3              else
  95   3              { 
  96   4                P0 = 0x00; // 关闭数码管显示
  97   4              }
  98   3            }  
  99   2          }    
 100   1      }


MODULE INFORMATION:   STATIC OVERLAYABLE
   CODE SIZE        =    244    ----
   CONSTANT SIZE    =   ----    ----
   XDATA SIZE       =   ----    ----
   PDATA SIZE       =   ----    ----
   DATA SIZE        =     10       2
   IDATA SIZE       =   ----    ----
   BIT SIZE         =   ----       1
END OF MODULE INFORMATION.


C51 COMPILATION COMPLETE.  0 WARNING(S),  0 ERROR(S)
